- Generating browser application bundles (phase: setup)...
✔ Browser application bundle generation complete.

Warning: C:\Users\MediaHelp\Downloads\stage orange\stage-orange\frontend\src\app\components\incident-devices\incident-devices.component.ts depends on 'leaflet'. CommonJS or AMD dependencies can cause optimization bailouts.
For more info see: https://angular.io/guide/build#configuring-commonjs-dependencies


✔ Browser application bundle generation complete.
(node:2300) [DEP0060] DeprecationWarning: The `util._extend` API is deprecated. Please use Object.assign() instead.
(Use `node --trace-deprecation ...` to show where the warning was created)
<e> [webpack-dev-server] [HPM] Error occurred while proxying request localhost:4200/api/incidents/with-device-info to http://localhost:8081/ [ECONNREFUSED] (https://nodejs.org/api/errors.html#errors_common_system_errors)
<e> [webpack-dev-server] [HPM] Error occurred while proxying request localhost:4200/api/incidents/with-device-info to http://localhost:8081/ [ECONNREFUSED] (https://nodejs.org/api/errors.html#errors_common_system_errors)
<e> [webpack-dev-server] [HPM] Error occurred while proxying request localhost:4200/api/incidents/with-device-info to http://localhost:8081/ [ECONNREFUSED] (https://nodejs.org/api/errors.html#errors_common_system_errors)
<e> [webpack-dev-server] [HPM] Error occurred while proxying request localhost:4200/api/incidents/with-device-info to http://localhost:8081/ [ECONNREFUSED] (https://nodejs.org/api/errors.html#errors_common_system_errors)
<e> [webpack-dev-server] [HPM] Error occurred while proxying request localhost:4200/api/incidents/with-device-info to http://localhost:8081/ [ECONNREFUSED] (https://nodejs.org/api/errors.html#errors_common_system_errors)
<e> [webpack-dev-server] [HPM] Error occurred while proxying request localhost:4200/api/incidents/with-device-info to http://localhost:8081/ [ECONNREFUSED] (https://nodejs.org/api/errors.html#errors_common_system_errors)
<e> [webpack-dev-server] [HPM] Error occurred while proxying request localhost:4200/api/incidents/with-device-info to http://localhost:8081/ [ECONNREFUSED] (https://nodejs.org/api/errors.html#errors_common_system_errors)
<e> [webpack-dev-server] [HPM] Error occurred while proxying request localhost:4200/api/incidents/with-device-info to http://localhost:8081/ [ECONNREFUSED] (https://nodejs.org/api/errors.html#errors_common_system_errors)
<e> [webpack-dev-server] [HPM] Error occurred while proxying request localhost:4200/api/incidents/with-device-info to http://localhost:8081/ [ECONNREFUSED] (https://nodejs.org/api/errors.html#errors_common_system_errors)
<e> [webpack-dev-server] [HPM] Error occurred while proxying request localhost:4200/api/incidents/with-device-info to http://localhost:8081/ [ECONNREFUSED] (https://nodejs.org/api/errors.html#errors_common_system_errors)
<e> [webpack-dev-server] [HPM] Error occurred while proxying request localhost:4200/api/incidents/with-device-info to http://localhost:8081/ [ECONNREFUSED] (https://nodejs.org/api/errors.html#errors_common_system_errors)
<e> [webpack-dev-server] [HPM] Error occurred while proxying request localhost:4200/api/incidents/with-device-info to http://localhost:8081/ [ECONNREFUSED] (https://nodejs.org/api/errors.html#errors_common_system_errors)
<e> [webpack-dev-server] [HPM] Error occurred while proxying request localhost:4200/api/incidents/with-device-info to http://localhost:8081/ [ECONNREFUSED] (https://nodejs.org/api/errors.html#errors_common_system_errors)
<e> [webpack-dev-server] [HPM] Error occurred while proxying request localhost:4200/api/incidents/with-device-info to http://localhost:8081/ [ECONNREFUSED] (https://nodejs.org/api/errors.html#errors_common_system_errors)
<e> [webpack-dev-server] [HPM] Error occurred while proxying request localhost:4200/api/incidents/with-device-info to http://localhost:8081/ [ECONNREFUSED] (https://nodejs.org/api/errors.html#errors_common_system_errors)
<e> [webpack-dev-server] [HPM] Error occurred while proxying request localhost:4200/api/incidents/with-device-info to http://localhost:8081/ [ECONNREFUSED] (https://nodejs.org/api/errors.html#errors_common_system_errors)
<e> [webpack-dev-server] [HPM] Error occurred while proxying request localhost:4200/api/incidents/with-device-info to http://localhost:8081/ [ECONNREFUSED] (https://nodejs.org/api/errors.html#errors_common_system_errors)
<e> [webpack-dev-server] [HPM] Error occurred while proxying request localhost:4200/api/incidents/with-device-info to http://localhost:8081/ [ECONNREFUSED] (https://nodejs.org/api/errors.html#errors_common_system_errors)
<e> [webpack-dev-server] [HPM] Error occurred while proxying request localhost:4200/api/incidents/with-device-info to http://localhost:8081/ [ECONNREFUSED] (https://nodejs.org/api/errors.html#errors_common_system_errors)
<e> [webpack-dev-server] [HPM] Error occurred while proxying request localhost:4200/api/incidents/with-device-info to http://localhost:8081/ [ECONNREFUSED] (https://nodejs.org/api/errors.html#errors_common_system_errors)
<e> [webpack-dev-server] [HPM] Error occurred while proxying request localhost:4200/api/incidents/with-device-info to http://localhost:8081/ [ECONNREFUSED] (https://nodejs.org/api/errors.html#errors_common_system_errors)
<e> [webpack-dev-server] [HPM] Error occurred while proxying request localhost:4200/api/incidents/with-device-info to http://localhost:8081/ [ECONNREFUSED] (https://nodejs.org/api/errors.html#errors_common_system_errors)
<e> [webpack-dev-server] [HPM] Error occurred while proxying request localhost:4200/api/incidents/with-device-info to http://localhost:8081/ [ECONNREFUSED] (https://nodejs.org/api/errors.html#errors_common_system_errors)
<e> [webpack-dev-server] [HPM] Error occurred while proxying request localhost:4200/api/incidents/with-device-info to http://localhost:8081/ [ECONNREFUSED] (https://nodejs.org/api/errors.html#errors_common_system_errors)
<e> [webpack-dev-server] [HPM] Error occurred while proxying request localhost:4200/api/incidents/with-device-info to http://localhost:8081/ [ECONNREFUSED] (https://nodejs.org/api/errors.html#errors_common_system_errors)
<e> [webpack-dev-server] [HPM] Error occurred while proxying request localhost:4200/api/incidents/with-device-info to http://localhost:8081/ [ECONNREFUSED] (https://nodejs.org/api/errors.html#errors_common_system_errors)
<e> [webpack-dev-server] [HPM] Error occurred while proxying request localhost:4200/api/incidents/with-device-info to http://localhost:8081/ [ECONNREFUSED] (https://nodejs.org/api/errors.html#errors_common_system_errors)
<e> [webpack-dev-server] [HPM] Error occurred while proxying request localhost:4200/api/incidents/with-device-info to http://localhost:8081/ [ECONNREFUSED] (https://nodejs.org/api/errors.html#errors_common_system_errors)
<e> [webpack-dev-server] [HPM] Error occurred while proxying request localhost:4200/api/incidents/with-device-info to http://localhost:8081/ [ECONNREFUSED] (https://nodejs.org/api/errors.html#errors_common_system_errors)
<e> [webpack-dev-server] [HPM] Error occurred while proxying request localhost:4200/api/incidents/with-device-info to http://localhost:8081/ [ECONNREFUSED] (https://nodejs.org/api/errors.html#errors_common_system_errors)
<e> [webpack-dev-server] [HPM] Error occurred while proxying request localhost:4200/api/incidents/with-device-info to http://localhost:8081/ [ECONNREFUSED] (https://nodejs.org/api/errors.html#errors_common_system_errors)
<e> [webpack-dev-server] [HPM] Error occurred while proxying request localhost:4200/api/incidents/with-device-info to http://localhost:8081/ [ECONNREFUSED] (https://nodejs.org/api/errors.html#errors_common_system_errors)
<e> [webpack-dev-server] [HPM] Error occurred while proxying request localhost:4200/api/incidents/with-device-info to http://localhost:8081/ [ECONNREFUSED] (https://nodejs.org/api/errors.html#errors_common_system_errors)
<e> [webpack-dev-server] [HPM] Error occurred while proxying request localhost:4200/api/incidents/with-device-info to http://localhost:8081/ [ECONNREFUSED] (https://nodejs.org/api/errors.html#errors_common_system_errors)
<e> [webpack-dev-server] [HPM] Error occurred while proxying request localhost:4200/api/incidents/with-device-info to http://localhost:8081/ [ECONNREFUSED] (https://nodejs.org/api/errors.html#errors_common_system_errors)
<e> [webpack-dev-server] [HPM] Error occurred while proxying request localhost:4200/api/incidents/with-device-info to http://localhost:8081/ [ECONNREFUSED] (https://nodejs.org/api/errors.html#errors_common_system_errors)
<e> [webpack-dev-server] [HPM] Error occurred while proxying request localhost:4200/api/incidents/with-device-info to http://localhost:8081/ [ECONNREFUSED] (https://nodejs.org/api/errors.html#errors_common_system_errors)
<e> [webpack-dev-server] [HPM] Error occurred while proxying request localhost:4200/api/incidents/with-device-info to http://localhost:8081/ [ECONNREFUSED] (https://nodejs.org/api/errors.html#errors_common_system_errors)
<e> [webpack-dev-server] [HPM] Error occurred while proxying request localhost:4200/api/incidents/with-device-info to http://localhost:8081/ [ECONNREFUSED] (https://nodejs.org/api/errors.html#errors_common_system_errors)
✔ Browser application bundle generation complete.
✔ Browser application bundle generation complete.
✔ Browser application bundle generation complete.
✔ Browser application bundle generation complete.
